[33m[1m⚠  emulators:[22m[39m You are not currently authenticated so some features may not work correctly. Please run [1mfirebase login[22m to authenticate the CLI.
[36m[1mi  emulators:[22m[39m Starting emulators: auth, firestore
[33m[1m⚠ [22m[39m It appears you are running in a CI environment. You can avoid downloading the Firestore Emulator repeatedly by caching the /home/runner/.cache/firebase/emulators directory.
[36m[1mi  firestore:[22m[39m downloading cloud-firestore-emulator-v1.22.0.jar...

[36m[1mi  firestore:[22m[39m Firestore Emulator logging to [1mfirestore-debug.log[22m
[32m[1m✔  firestore:[22m[39m Firestore Emulator was started in standard edition.
[32m[1m✔  firestore:[22m[39m Firestore Emulator UI websocket is running on 9150.
[33m[1m⚠  emulators:[22m[39m The Emulator UI is not starting because none of the running emulators have a UI component.

┌─────────────────────────────────────────────────────────────┐
│ [32m✔[39m  [1mAll emulators ready! It is now safe to connect your app.[22m │
└─────────────────────────────────────────────────────────────┘

┌────────────────┬────────────────┐
│ Emulator       │ Host:Port      │
├────────────────┼────────────────┤
│ Authentication │ 127.0.0.1:9099 │
├────────────────┼────────────────┤
│ Firestore      │ 127.0.0.1:8080 │
└────────────────┴────────────────┘
[90m  Emulator Hub host: 127.0.0.1 port: 4400[39m
[90m  Other reserved ports:[39m 4500, 9150

Issues? Report them at [4m[1mhttps://github.com/firebase/firebase-tools/issues[22m[24m and attach the *-debug.log files.
 
